[2026-09-03 08:31:21Z INFO HostContext] No proxy settings were found based on environmental variables (http_proxy/https_proxy/HTTP_PROXY/HTTPS_PROXY)
[2026-09-03 08:31:21Z INFO HostContext] Well known directory 'Bin': 'C:\Users\tasle\auth-service\actions-runner\bin'
[2026-09-03 08:31:21Z INFO HostContext] Well known directory 'Root': 'C:\Users\tasle\auth-service\actions-runner'
[2026-09-03 08:31:21Z INFO HostContext] Well known config file 'Credentials': 'C:\Users\tasle\auth-service\actions-runner\.credentials'
[2026-09-03 08:31:21Z INFO HostContext] Well known directory 'Bin': 'C:\Users\tasle\auth-service\actions-runner\bin'
[2026-09-03 08:31:21Z INFO HostContext] Well known directory 'Root': 'C:\Users\tasle\auth-service\actions-runner'
[2026-09-03 08:31:21Z INFO HostContext] Well known config file 'Runner': 'C:\Users\tasle\auth-service\actions-runner\.runner'
[2026-09-03 08:31:21Z INFO Listener] Runner is built for Windows (X64) - win-x64.
[2026-09-03 08:31:21Z INFO Listener] RuntimeInformation: Microsoft Windows 10.0.26200.
[2026-09-03 08:31:21Z INFO Listener] Version: 2.337.0
[2026-09-03 08:31:21Z INFO Listener] Commit: 397b032cbf865e9c3ddfab89d533ec19325e1273
[2026-09-03 08:31:21Z INFO Listener] Culture: en-GB
[2026-09-03 08:31:21Z INFO Listener] UI Culture: en-US
[2026-09-03 08:31:21Z INFO HostContext] Well known directory 'Bin': 'C:\Users\tasle\auth-service\actions-runner\bin'
[2026-09-03 08:31:21Z INFO HostContext] Well known directory 'Root': 'C:\Users\tasle\auth-service\actions-runner'
[2026-09-03 08:31:21Z INFO Listener] Validating directory permissions for: 'C:\Users\tasle\auth-service\actions-runner'
[2026-09-03 08:31:21Z INFO CommandLineParser] Parse
[2026-09-03 08:31:21Z INFO CommandLineParser] Parsing 9 args
[2026-09-03 08:31:21Z INFO CommandLineParser] parsing argument
[2026-09-03 08:31:21Z INFO CommandLineParser] HasArgs: False
[2026-09-03 08:31:21Z INFO CommandLineParser] Adding Command: configure
[2026-09-03 08:31:21Z INFO CommandLineParser] parsing argument
[2026-09-03 08:31:21Z INFO CommandLineParser] HasArgs: True
[2026-09-03 08:31:21Z INFO CommandLineParser] arg: url
[2026-09-03 08:31:21Z INFO CommandLineParser] parsing argument
[2026-09-03 08:31:21Z INFO CommandLineParser] HasArgs: True
[2026-09-03 08:31:21Z INFO CommandLineParser] Adding option 'url': 'tasleemkhan-code/auth-service-cicd-poc'
[2026-09-03 08:31:21Z INFO CommandLineParser] parsing argument
[2026-09-03 08:31:21Z INFO CommandLineParser] HasArgs: True
[2026-09-03 08:31:21Z INFO CommandLineParser] arg: token
[2026-09-03 08:31:21Z INFO CommandLineParser] parsing argument
[2026-09-03 08:31:21Z INFO CommandLineParser] HasArgs: True
[2026-09-03 08:31:21Z INFO CommandLineParser] Adding option 'token': '***'
[2026-09-03 08:31:21Z INFO CommandLineParser] parsing argument
[2026-09-03 08:31:21Z INFO CommandLineParser] HasArgs: True
[2026-09-03 08:31:21Z INFO CommandLineParser] arg: url
[2026-09-03 08:31:21Z INFO CommandLineParser] parsing argument
[2026-09-03 08:31:21Z INFO CommandLineParser] HasArgs: True
[2026-09-03 08:31:21Z INFO CommandLineParser] parsing argument
[2026-09-03 08:31:21Z INFO CommandLineParser] HasArgs: True
[2026-09-03 08:31:21Z INFO CommandLineParser] arg: token
[2026-09-03 08:31:21Z INFO CommandLineParser] Adding flag: url
[2026-09-03 08:31:21Z INFO CommandLineParser] parsing argument
[2026-09-03 08:31:21Z INFO CommandLineParser] HasArgs: True
[2026-09-03 08:31:21Z INFO Listener] Arguments parsed
[2026-09-03 08:31:21Z INFO Runner] ExecuteCommand
[2026-09-03 08:31:21Z INFO ConfigurationStore] currentAssemblyLocation: C:\Users\tasle\auth-service\actions-runner\bin\Runner.Listener.dll
[2026-09-03 08:31:21Z INFO HostContext] Well known directory 'Bin': 'C:\Users\tasle\auth-service\actions-runner\bin'
[2026-09-03 08:31:21Z INFO ConfigurationStore] binPath: C:\Users\tasle\auth-service\actions-runner\bin
[2026-09-03 08:31:21Z INFO HostContext] Well known directory 'Bin': 'C:\Users\tasle\auth-service\actions-runner\bin'
[2026-09-03 08:31:21Z INFO HostContext] Well known directory 'Root': 'C:\Users\tasle\auth-service\actions-runner'
[2026-09-03 08:31:21Z INFO ConfigurationStore] RootFolder: C:\Users\tasle\auth-service\actions-runner
[2026-09-03 08:31:21Z INFO HostContext] Well known directory 'Bin': 'C:\Users\tasle\auth-service\actions-runner\bin'
[2026-09-03 08:31:21Z INFO HostContext] Well known directory 'Root': 'C:\Users\tasle\auth-service\actions-runner'
[2026-09-03 08:31:21Z INFO HostContext] Well known config file 'Runner': 'C:\Users\tasle\auth-service\actions-runner\.runner'
[2026-09-03 08:31:21Z INFO ConfigurationStore] ConfigFilePath: C:\Users\tasle\auth-service\actions-runner\.runner
[2026-09-03 08:31:21Z INFO HostContext] Well known directory 'Bin': 'C:\Users\tasle\auth-service\actions-runner\bin'
[2026-09-03 08:31:21Z INFO HostContext] Well known directory 'Root': 'C:\Users\tasle\auth-service\actions-runner'
[2026-09-03 08:31:21Z INFO HostContext] Well known config file 'MigratedRunner': 'C:\Users\tasle\auth-service\actions-runner\.runner_migrated'
[2026-09-03 08:31:21Z INFO ConfigurationStore] MigratedConfigFilePath: C:\Users\tasle\auth-service\actions-runner\.runner_migrated
[2026-09-03 08:31:21Z INFO HostContext] Well known directory 'Bin': 'C:\Users\tasle\auth-service\actions-runner\bin'
[2026-09-03 08:31:21Z INFO HostContext] Well known directory 'Root': 'C:\Users\tasle\auth-service\actions-runner'
[2026-09-03 08:31:21Z INFO HostContext] Well known config file 'Credentials': 'C:\Users\tasle\auth-service\actions-runner\.credentials'
[2026-09-03 08:31:21Z INFO ConfigurationStore] CredFilePath: C:\Users\tasle\auth-service\actions-runner\.credentials
[2026-09-03 08:31:21Z INFO HostContext] Well known directory 'Bin': 'C:\Users\tasle\auth-service\actions-runner\bin'
[2026-09-03 08:31:21Z INFO HostContext] Well known directory 'Root': 'C:\Users\tasle\auth-service\actions-runner'
[2026-09-03 08:31:21Z INFO HostContext] Well known config file 'MigratedCredentials': 'C:\Users\tasle\auth-service\actions-runner\.credentials_migrated'
[2026-09-03 08:31:21Z INFO ConfigurationStore] MigratedCredFilePath: C:\Users\tasle\auth-service\actions-runner\.credentials_migrated
[2026-09-03 08:31:21Z INFO HostContext] Well known directory 'Bin': 'C:\Users\tasle\auth-service\actions-runner\bin'
[2026-09-03 08:31:21Z INFO HostContext] Well known directory 'Root': 'C:\Users\tasle\auth-service\actions-runner'
[2026-09-03 08:31:21Z INFO HostContext] Well known config file 'Service': 'C:\Users\tasle\auth-service\actions-runner\.service'
[2026-09-03 08:31:21Z INFO ConfigurationStore] ServiceConfigFilePath: C:\Users\tasle\auth-service\actions-runner\.service
[2026-09-03 08:31:21Z INFO CommandSettings] Flag 'help': 'False'
[2026-09-03 08:31:21Z INFO CommandSettings] Flag 'version': 'False'
[2026-09-03 08:31:21Z INFO CommandSettings] Flag 'commit': 'False'
[2026-09-03 08:31:21Z INFO CommandSettings] Flag 'check': 'False'
[2026-09-03 08:31:21Z INFO CommandSettings] Command 'configure': 'True'
[2026-09-03 08:31:21Z INFO Terminal] WRITE LINE: 
[2026-09-03 08:31:21Z INFO Terminal] WRITE LINE: --------------------------------------------------------------------------------
[2026-09-03 08:31:21Z INFO Terminal] WRITE LINE: |        ____ _ _   _   _       _          _        _   _                      |
[2026-09-03 08:31:21Z INFO Terminal] WRITE LINE: |       / ___(_) |_| | | |_   _| |__      / \   ___| |_(_) ___  _ __  ___      |
[2026-09-03 08:31:21Z INFO Terminal] WRITE LINE: |      | |  _| | __| |_| | | | | '_ \    / _ \ / __| __| |/ _ \| '_ \/ __|     |
[2026-09-03 08:31:21Z INFO Terminal] WRITE LINE: |      | |_| | | |_|  _  | |_| | |_) |  / ___ \ (__| |_| | (_) | | | \__ \     |
[2026-09-03 08:31:21Z INFO Terminal] WRITE LINE: |       \____|_|\__|_| |_|\__,_|_.__/  /_/   \_\___|\__|_|\___/|_| |_|___/     |
[2026-09-03 08:31:21Z INFO Terminal] WRITE LINE: |                                                                              |
[2026-09-03 08:31:21Z INFO Terminal] WRITE: |                       
[2026-09-03 08:31:21Z INFO Terminal] WRITE: Self-hosted runner registration
[2026-09-03 08:31:21Z INFO Terminal] WRITE LINE:                         |
[2026-09-03 08:31:21Z INFO Terminal] WRITE LINE: |                                                                              |
[2026-09-03 08:31:21Z INFO Terminal] WRITE LINE: --------------------------------------------------------------------------------
[2026-09-03 08:31:21Z INFO ConfigurationManager] ConfigureAsync
[2026-09-03 08:31:21Z INFO CommandSettings] Flag 'generateServiceConfig': 'False'
[2026-09-03 08:31:21Z INFO ConfigurationStore] IsConfigured()
[2026-09-03 08:31:21Z INFO ConfigurationStore] IsConfigured: False
[2026-09-03 08:31:21Z INFO ConfigurationManager] Is configured: False
[2026-09-03 08:31:21Z INFO CommandSettings] Arg 'url': 'tasleemkhan-code/auth-service-cicd-poc'
[2026-09-03 08:31:21Z INFO CommandSettings] Remove url from Arg dictionary.
[2026-09-03 08:31:21Z INFO CommandSettings] Arg is invalid.
[2026-09-03 08:31:21Z INFO CommandSettings] Flag 'unattended': 'False'
[2026-09-03 08:31:21Z INFO PromptManager] ReadValue
[2026-09-03 08:31:21Z INFO Terminal] WRITE: What is the URL of your repository? 
[2026-09-03 08:31:21Z INFO Terminal] READ LINE
[2026-09-03 08:32:10Z INFO Terminal] Read value: 'https://github.com/tasleemkhan-code/auth-service-cicd-poc'
[2026-09-03 08:32:10Z INFO CommandSettings] Arg 'token': '***'
[2026-09-03 08:32:10Z INFO CommandSettings] Remove token from Arg dictionary.
[2026-09-03 08:32:15Z ERR  Terminal] WRITE ERROR: Http response code: NotFound from 'POST https://api.github.com/actions/runner-registration' (Request Id: CC11:3ED753:9058BC:992446:6A99308E)
[2026-09-03 08:32:15Z ERR  Terminal] WRITE ERROR: {"message":"Not Found","documentation_url":"https://docs.github.com/rest","status":"404"}
[2026-09-03 08:32:16Z ERR  Runner] System.Net.Http.HttpRequestException: Response status code does not indicate success: 404 (Not Found).
   at System.Net.Http.HttpResponseMessage.EnsureSuccessStatusCode()
   at GitHub.Runner.Listener.Configuration.ConfigurationManager.GetTenantCredential(String githubUrl, String githubToken, String runnerEvent)
   at GitHub.Runner.Listener.Configuration.ConfigurationManager.ConfigureAsync(CommandSettings command)
   at GitHub.Runner.Listener.Runner.ExecuteCommand(CommandSettings command)
[2026-09-03 08:32:16Z ERR  Terminal] WRITE ERROR: Response status code does not indicate success: 404 (Not Found).
[2026-09-03 08:32:16Z INFO Listener] Runner execution has finished with return code 1
